::1 - - [05/Jul/2026 23:49:13] "GET /index.html HTTP/1.1" 200 -
::1 - - [05/Jul/2026 23:49:18] "GET /index.html HTTP/1.1" 200 -
::1 - - [05/Jul/2026 23:49:18] "GET /assets/hero-foodforest.jpg HTTP/1.1" 200 -
::1 - - [05/Jul/2026 23:49:18] "GET /assets/hands-soil.jpg HTTP/1.1" 200 -
::1 - - [05/Jul/2026 23:49:18] "GET /assets/dr-cacao.jpg HTTP/1.1" 200 -
::1 - - [05/Jul/2026 23:49:18] "GET /land-audit.html HTTP/1.1" 200 -
::1 - - [05/Jul/2026 23:49:18] "GET /assets/es.js HTTP/1.1" 200 -
::1 - - [05/Jul/2026 23:49:18] "GET /assets/i18n.js HTTP/1.1" 200 -
::1 - - [05/Jul/2026 23:49:18] "GET /site.webmanifest HTTP/1.1" 200 -
::1 - - [05/Jul/2026 23:49:18] "GET /favicon.ico HTTP/1.1" 200 -
::1 - - [05/Jul/2026 23:49:18] "GET /apple-touch-icon.png HTTP/1.1" 200 -
::1 - - [05/Jul/2026 23:49:26] "GET / HTTP/1.1" 200 -
::1 - - [05/Jul/2026 23:49:32] "GET /index.html HTTP/1.1" 200 -
::1 - - [05/Jul/2026 23:49:32] "GET /assets/hands-soil.jpg HTTP/1.1" 200 -
::1 - - [05/Jul/2026 23:49:32] "GET /assets/hero-foodforest.jpg HTTP/1.1" 200 -
::1 - - [05/Jul/2026 23:49:32] "GET /assets/dr-cacao.jpg HTTP/1.1" 200 -
::1 - - [05/Jul/2026 23:49:32] "GET /assets/es.js HTTP/1.1" 200 -
::1 - - [05/Jul/2026 23:49:32] "GET /assets/i18n.js HTTP/1.1" 200 -
::1 - - [05/Jul/2026 23:49:32] "GET /site.webmanifest HTTP/1.1" 200 -
::1 - - [05/Jul/2026 23:49:32] "GET /apple-touch-icon.png HTTP/1.1" 200 -
::1 - - [05/Jul/2026 23:49:45] "GET / HTTP/1.1" 200 -
::1 - - [05/Jul/2026 23:50:08] "GET /food-forest-design.html HTTP/1.1" 200 -
::1 - - [05/Jul/2026 23:50:08] "GET /assets/es.js HTTP/1.1" 304 -
::1 - - [05/Jul/2026 23:50:42] "GET /about.html HTTP/1.1" 200 -
::1 - - [05/Jul/2026 23:50:42] "GET /assets/es.js HTTP/1.1" 304 -
::1 - - [05/Jul/2026 23:51:25] "GET /food-forest-design.html HTTP/1.1" 200 -
::1 - - [05/Jul/2026 23:51:25] "GET /assets/es.js HTTP/1.1" 304 -
::1 - - [05/Jul/2026 23:51:33] "GET /assets/species/cocos-nucifera.webp HTTP/1.1" 200 -
::1 - - [05/Jul/2026 23:51:33] "GET /assets/species/artocarpus-altilis.webp HTTP/1.1" 200 -
::1 - - [05/Jul/2026 23:51:33] "GET /assets/species/mangifera-indica.webp HTTP/1.1" 200 -
::1 - - [05/Jul/2026 23:51:33] "GET /assets/species/spathodea-campanulata.webp HTTP/1.1" 200 -
::1 - - [05/Jul/2026 23:51:33] "GET /assets/species/casuarina-equisetifolia.webp HTTP/1.1" 200 -
::1 - - [05/Jul/2026 23:51:33] "GET /assets/species/castanea-mollissima.webp HTTP/1.1" 200 -
::1 - - [05/Jul/2026 23:51:34] "GET /assets/species/carya-illinoinensis.webp HTTP/1.1" 200 -
::1 - - [05/Jul/2026 23:51:34] "GET /assets/species/juglans-nigra.webp HTTP/1.1" 200 -
::1 - - [05/Jul/2026 23:51:34] "GET /assets/species/pinus-pinea.webp HTTP/1.1" 200 -
::1 - - [05/Jul/2026 23:51:34] "GET /assets/species/juglans-regia.webp HTTP/1.1" 200 -
::1 - - [05/Jul/2026 23:51:34] "GET /assets/species/persea-americana.webp HTTP/1.1" 200 -
::1 - - [05/Jul/2026 23:51:34] "GET /assets/species/artocarpus-heterophyllus.webp HTTP/1.1" 200 -
::1 - - [05/Jul/2026 23:51:34] "GET /assets/species/pouteria-sapota.webp HTTP/1.1" 200 -
::1 - - [05/Jul/2026 23:51:34] "GET /assets/species/manilkara-zapota.webp HTTP/1.1" 200 -
::1 - - [05/Jul/2026 23:51:34] "GET /assets/species/chrysophyllum-cainito.webp HTTP/1.1" 200 -
::1 - - [05/Jul/2026 23:51:34] "GET /assets/species/bactris-gasipaes.webp HTTP/1.1" 200 -
::1 - - [05/Jul/2026 23:51:34] "GET /assets/species/melicoccus-bijugatus.webp HTTP/1.1" 200 -
::1 - - [05/Jul/2026 23:51:34] "GET /assets/species/pimenta-dioica.webp HTTP/1.1" 200 -
::1 - - [05/Jul/2026 23:51:40] "GET /knowledge-base.html HTTP/1.1" 200 -
::1 - - [05/Jul/2026 23:51:40] "GET /assets/kb/black-organic-profile.jpg HTTP/1.1" 200 -
::1 - - [05/Jul/2026 23:51:40] "GET /assets/kb/red-laterite-hillside.jpg HTTP/1.1" 200 -
::1 - - [05/Jul/2026 23:51:40] "GET /assets/kb/sandy-ground.jpg HTTP/1.1" 200 -
::1 - - [05/Jul/2026 23:51:40] "GET /assets/kb/rust-mottles.jpg HTTP/1.1" 200 -
::1 - - [05/Jul/2026 23:51:44] "GET /assets/kb/layered-profile.jpg HTTP/1.1" 200 -
::1 - - [05/Jul/2026 23:51:45] "GET /assets/kb/clay-clods-hands.jpg HTTP/1.1" 200 -
::1 - - [05/Jul/2026 23:51:45] "GET /assets/kb/sticky-wet-clay.jpg HTTP/1.1" 200 -
::1 - - [05/Jul/2026 23:51:45] "GET /assets/kb/texture-triangle.jpg HTTP/1.1" 200 -
::1 - - [05/Jul/2026 23:51:45] "GET /assets/kb/test-pit-water.jpg HTTP/1.1" 200 -
::1 - - [05/Jul/2026 23:51:45] "GET /assets/kb/waterlogged-field.jpg HTTP/1.1" 200 -
::1 - - [05/Jul/2026 23:52:20] "GET /assets/es.js HTTP/1.1" 304 -
::1 - - [05/Jul/2026 23:52:23] "GET /services.html HTTP/1.1" 200 -
